// Jest Snapshot v1, https://goo.gl/fbAQLP

exports[`renders the UI as expected 1`] = `
<li
  className="Card"
>
  <button>
    Delete Card
  </button>
  <b>
    someTitle
  </b>
  <br />
  someContent
</li>
`;
